PASS pawn above markers Rotterdam-havenroute
PASS pawn above markers amsterdam-grachtenroute
PASS pawn above markers utrecht-werfroute
PASS pawn above markers dorp-boomgaardroute
PASS pawn above markers kust-duinroute
PASS pawn above markers bos-bosroute
PASS pawn above markers polder-slotenroute
PASS pawn above markers haven-kaderoute
PASS pawn above markers heuvels-panorama
PASS pawn above markers fantasie-eilanden
PASS pawn above markers ruimte-maanroute
PASS pawn above markers markt-pleinroute
PASS pawn above markers station-perronroute
PASS pawn above markers pool-ijsroute
PASS pawn above markers buurttuin-kasroute
PASS pawn above markers bibliotheek-leesroute
PASS pawn above markers museum-zalenroute
PASS pawn above markers onderwater-koraalroute
PASS pawn above markers jungle-watervalroute
PASS pawn above markers woestijn-oaseroute
PASS pawn above markers kasteel-poortroute
PASS pawn above markers bergdorp-kabelroute
PASS pawn above markers spreektijd-smalltalk
PASS pawn above markers spreektijd-werken
PASS pawn above markers spreektijd-afspraak
PASS pawn above markers spreektijd-zorg
