
> taalroute-digibord@1.0.0 test:nederland
> node tests/nederland-worlds.cjs && node tests/nederland-ui.cjs && node tests/nederland-motion.cjs && node tests/nederland-larger-roll.cjs && node tests/nederland-cancel.cjs

nederland-delft {"issues":[],"crossedTiles":[],"count":25,"connections":[{"id":"doorgang-1","type":"tunnel","from":4,"exits":[16],"optional":true,"label":"Kadepassage"}]}
nederland-leiden {"issues":[],"crossedTiles":[],"count":18,"connections":[{"id":"doorgang-1","type":"tunnel","from":1,"exits":[14],"optional":true,"label":"Tuintunnel"}]}
nederland-haarlem {"issues":[],"crossedTiles":[],"count":18,"connections":[]}
nederland-amersfoort {"issues":[],"crossedTiles":[],"count":34,"connections":[]}
nederland-dordrecht {"issues":[],"crossedTiles":[],"count":24,"connections":[]}
nederland-den-bosch {"issues":[],"crossedTiles":[],"count":19,"connections":[{"id":"doorgang-1","type":"ferry","from":1,"exits":[10],"optional":true,"label":"Varen onder de huizen"}]}
nederland-groningen {"issues":[],"crossedTiles":[],"count":25,"connections":[{"id":"doorgang-1","type":"tunnel","from":14,"exits":[20],"optional":true,"label":"Pleinonderdoorgang"}]}
nederland-maastricht {"issues":[],"crossedTiles":[],"count":30,"connections":[]}
nederland-nijmegen {"issues":[],"crossedTiles":[],"count":22,"connections":[]}
nederland-deventer {"issues":[],"crossedTiles":[],"count":26,"connections":[]}
nederland-kinderdijk {"issues":[],"crossedTiles":[],"count":27,"connections":[{"id":"doorgang-1","type":"tunnel","from":1,"exits":[14],"optional":true,"label":"Dijktunnel"}]}
nederland-zaanse-schans {"issues":[],"crossedTiles":[],"count":20,"connections":[]}
nederland-afsluitdijk {"issues":[],"crossedTiles":[],"count":23,"connections":[{"id":"doorgang-1","type":"tunnel","from":13,"exits":[20],"optional":true,"label":"Onder de onderhoudsstrook"}]}
nederland-neeltje-jans {"issues":[],"crossedTiles":[],"count":41,"connections":[]}
nederland-giethoorn {"issues":[],"crossedTiles":[],"count":19,"connections":[]}
nederland-biesbosch {"issues":[],"crossedTiles":[],"count":39,"connections":[]}
nederland-texel {"issues":[],"crossedTiles":[],"count":28,"connections":[{"id":"doorgang-1","type":"tunnel","from":1,"exits":[20],"optional":true,"label":"Duintunnel"}]}
nederland-valkenburg {"issues":[],"crossedTiles":[],"count":26,"connections":[]}
nederland-muiderslot {"issues":[],"crossedTiles":[],"count":35,"connections":[]}
nederland-veluwe {"issues":[],"crossedTiles":[],"count":26,"connections":[]}
CLICK nederland-delft 25
CLICK nederland-leiden 18
CLICK nederland-haarlem 18
CLICK nederland-amersfoort 34
CLICK nederland-dordrecht 24
CLICK nederland-den-bosch 19
CLICK nederland-groningen 25
CLICK nederland-maastricht 30
CLICK nederland-nijmegen 22
CLICK nederland-deventer 26
CLICK nederland-kinderdijk 27
CLICK nederland-zaanse-schans 20
CLICK nederland-afsluitdijk 23
CLICK nederland-neeltje-jans 41
CLICK nederland-giethoorn 19
CLICK nederland-biesbosch 39
CLICK nederland-texel 28
CLICK nederland-valkenburg 26
CLICK nederland-muiderslot 35
CLICK nederland-veluwe 26
PASS library, all tile clicks, viewport, dismissal, history
PASS motion nederland-delft
PASS motion nederland-leiden
PASS motion nederland-haarlem
PASS motion nederland-amersfoort
PASS motion nederland-dordrecht
PASS motion nederland-den-bosch
PASS motion nederland-groningen
PASS motion nederland-maastricht
PASS motion nederland-nijmegen
PASS motion nederland-deventer
PASS motion nederland-kinderdijk
PASS motion nederland-zaanse-schans
PASS motion nederland-afsluitdijk
PASS motion nederland-neeltje-jans
PASS motion nederland-giethoorn
PASS motion nederland-biesbosch
PASS motion nederland-texel
PASS motion nederland-valkenburg
PASS motion nederland-muiderslot
PASS motion nederland-veluwe
PASS roll 3 through passage and continue, undo nederland-delft 15→16
PASS roll 3 through passage and continue, undo nederland-haarlem 17→18
PASS roll 3 through passage and continue, undo nederland-amersfoort 10→11
PASS roll 3 through passage and continue, undo nederland-amersfoort 18→19
PASS roll 3 through passage and continue, undo nederland-dordrecht 11→12
PASS roll 3 through passage and continue, undo nederland-maastricht 24→25
PASS roll 3 through passage and continue, undo nederland-nijmegen 7→8
PASS roll 3 through passage and continue, undo nederland-deventer 8→9
PASS roll 3 through passage and continue, undo nederland-deventer 14→15
PASS roll 3 through passage and continue, undo nederland-zaanse-schans 12→13
PASS roll 3 through passage and continue, undo nederland-neeltje-jans 11→12
PASS roll 3 through passage and continue, undo nederland-giethoorn 13→14
PASS roll 3 through passage and continue, undo nederland-biesbosch 13→14
PASS roll 3 through passage and continue, undo nederland-biesbosch 14→15
PASS roll 3 through passage and continue, undo nederland-biesbosch 30→31
PASS roll 3 through passage and continue, undo nederland-valkenburg 11→12
PASS roll 3 through passage and continue, undo nederland-muiderslot 16→17
PASS roll 3 through passage and continue, undo nederland-muiderslot 33→34
PASS roll 3 through passage and continue, undo nederland-veluwe 18→19
PASS cancel/reduced nederland-delft
PASS cancel/reduced nederland-leiden
PASS cancel/reduced nederland-haarlem
PASS cancel/reduced nederland-amersfoort
PASS cancel/reduced nederland-dordrecht
PASS cancel/reduced nederland-den-bosch
PASS cancel/reduced nederland-groningen
PASS cancel/reduced nederland-maastricht
PASS cancel/reduced nederland-nijmegen
PASS cancel/reduced nederland-deventer
PASS cancel/reduced nederland-kinderdijk
PASS cancel/reduced nederland-zaanse-schans
PASS cancel/reduced nederland-afsluitdijk
PASS cancel/reduced nederland-neeltje-jans
PASS cancel/reduced nederland-giethoorn
PASS cancel/reduced nederland-biesbosch
PASS cancel/reduced nederland-texel
PASS cancel/reduced nederland-valkenburg
PASS cancel/reduced nederland-muiderslot
PASS cancel/reduced nederland-veluwe
